[    1732ms] [ERROR] The Content-Security-Policy directive 'default-src' contains the keyword 'none' alongside with other source expressions. The keyword 'none' must be the only source expression in the directive value, otherwise it is ignored. @ https://us-west-2.signin.aws.amazon.com/oauth?client_id=arn%3Aaws%3Asignin%3A%3A%3Aconsole%2Fcloudwatch&code_challenge=rjfMjsHSDSkQMFRjoJYJB1SxXZTuOsQhHRe1yfAFuXE&code_challenge_method=SHA-256&response_type=code&redirect_uri=https%3A%2F%2Fus-west-2.console.aws.amazon.com%2Fcloudwatch%2Fhome%3Fca-oauth-flow-id%3D87bd%26hashArgs%3D%2523xray%253Atraces%252Fquery%26isauthcode%3Dtrue%26oauthStart%3D1784318701669%26region%3Dus-west-2%26state%3DhashArgsFromTB_us-west-2_06a7283ad23a566b:0
[    8127ms] [ERROR] The Content-Security-Policy directive 'default-src' contains the keyword 'none' alongside with other source expressions. The keyword 'none' must be the only source expression in the directive value, otherwise it is ignored. @ https://signin.aws.amazon.com/signin?client_id=arn%3Aaws%3Asignin%3A%3A%3Aconsole%2Fcloudwatch&redirect_uri=https%3A%2F%2Fus-west-2.console.aws.amazon.com%2Fcloudwatch%2Fhome%3Fca-oauth-flow-id%3D87bd%26hashArgs%3D%2523xray%253Atraces%252Fquery%26isauthcode%3Dtrue%26oauthStart%3D1784318701669%26region%3Dus-west-2%26state%3DhashArgsFromTB_us-west-2_06a7283ad23a566b&page=resolve&code_challenge=rjfMjsHSDSkQMFRjoJYJB1SxXZTuOsQhHRe1yfAFuXE&code_challenge_method=SHA-256&backwards_compatible=true&oauth_region=us-west-2:0
[   22794ms] [VERBOSE] [DOM] Password field is not contained in a form: (More info: https://goo.gl/9p2vKq) %o @ https://signin.aws.amazon.com/signin?client_id=arn%3Aaws%3Asignin%3A%3A%3Aconsole%2Fcloudwatch&redirect_uri=https%3A%2F%2Fus-west-2.console.aws.amazon.com%2Fcloudwatch%2Fhome%3Fca-oauth-flow-id%3D87bd%26hashArgs%3D%2523xray%253Atraces%252Fquery%26isauthcode%3Dtrue%26oauthStart%3D1784318701669%26region%3Dus-west-2%26state%3DhashArgsFromTB_us-west-2_06a7283ad23a566b&page=resolve&code_challenge=rjfMjsHSDSkQMFRjoJYJB1SxXZTuOsQhHRe1yfAFuXE&code_challenge_method=SHA-256&backwards_compatible=true&oauth_region=us-west-2:0
[   69083ms] [WARNING] TypeError: Cannot read properties of null (reading 'content')
    at o (https://signin.aws.amazon.com/v2/assets/_next/static/chunks/pages/_app-a053b6dbc0525dd6.js:10:110256)
    at u (https://signin.aws.amazon.com/v2/assets/_next/static/chunks/8166-59607a1b7a199354.js:1:14533)
    at async Object.mutationFn (https://signin.aws.amazon.com/v2/assets/_next/static/chunks/2287-341bdb34773010b1.js:1:9220) @ https://signin.aws.amazon.com/v2/assets/_next/static/chunks/pages/_app-a053b6dbc0525dd6.js:9
[   69546ms] [ERROR] N: BAD_REQUEST
    at u (https://signin.aws.amazon.com/v2/assets/_next/static/chunks/8166-59607a1b7a199354.js:1:14849)
    at async Object.mutationFn (https://signin.aws.amazon.com/v2/assets/_next/static/chunks/2287-341bdb34773010b1.js:1:9220) @ https://signin.aws.amazon.com/v2/assets/_next/static/chunks/pages/_app-a053b6dbc0525dd6.js:9
[   69651ms] [VERBOSE] [DOM] Password field is not contained in a form: (More info: https://goo.gl/9p2vKq) %o @ https://signin.aws.amazon.com/signin?client_id=arn%3Aaws%3Asignin%3A%3A%3Aconsole%2Fcloudwatch&redirect_uri=https%3A%2F%2Fus-west-2.console.aws.amazon.com%2Fcloudwatch%2Fhome%3Fca-oauth-flow-id%3D87bd%26hashArgs%3D%2523xray%253Atraces%252Fquery%26isauthcode%3Dtrue%26oauthStart%3D1784318701669%26region%3Dus-west-2%26state%3DhashArgsFromTB_us-west-2_06a7283ad23a566b&page=resolve&code_challenge=rjfMjsHSDSkQMFRjoJYJB1SxXZTuOsQhHRe1yfAFuXE&code_challenge_method=SHA-256&backwards_compatible=true&oauth_region=us-west-2:0
[  107459ms] [WARNING] TypeError: Cannot read properties of null (reading 'content')
    at o (https://signin.aws.amazon.com/v2/assets/_next/static/chunks/pages/_app-a053b6dbc0525dd6.js:10:110256)
    at u (https://signin.aws.amazon.com/v2/assets/_next/static/chunks/8166-59607a1b7a199354.js:1:14533)
    at async Object.mutationFn (https://signin.aws.amazon.com/v2/assets/_next/static/chunks/2287-341bdb34773010b1.js:1:9220) @ https://signin.aws.amazon.com/v2/assets/_next/static/chunks/pages/_app-a053b6dbc0525dd6.js:9
[  107729ms] [ERROR] N: BAD_REQUEST
    at u (https://signin.aws.amazon.com/v2/assets/_next/static/chunks/8166-59607a1b7a199354.js:1:14849)
    at async Object.mutationFn (https://signin.aws.amazon.com/v2/assets/_next/static/chunks/2287-341bdb34773010b1.js:1:9220) @ https://signin.aws.amazon.com/v2/assets/_next/static/chunks/pages/_app-a053b6dbc0525dd6.js:9
[  107834ms] [VERBOSE] [DOM] Password field is not contained in a form: (More info: https://goo.gl/9p2vKq) %o @ https://signin.aws.amazon.com/signin?client_id=arn%3Aaws%3Asignin%3A%3A%3Aconsole%2Fcloudwatch&redirect_uri=https%3A%2F%2Fus-west-2.console.aws.amazon.com%2Fcloudwatch%2Fhome%3Fca-oauth-flow-id%3D87bd%26hashArgs%3D%2523xray%253Atraces%252Fquery%26isauthcode%3Dtrue%26oauthStart%3D1784318701669%26region%3Dus-west-2%26state%3DhashArgsFromTB_us-west-2_06a7283ad23a566b&page=resolve&code_challenge=rjfMjsHSDSkQMFRjoJYJB1SxXZTuOsQhHRe1yfAFuXE&code_challenge_method=SHA-256&backwards_compatible=true&oauth_region=us-west-2:0
[  125104ms] [VERBOSE] [DOM] Password field is not contained in a form: (More info: https://goo.gl/9p2vKq) %o @ https://signin.aws.amazon.com/signin?client_id=arn%3Aaws%3Asignin%3A%3A%3Aconsole%2Fcloudwatch&redirect_uri=https%3A%2F%2Fus-west-2.console.aws.amazon.com%2Fcloudwatch%2Fhome%3Fca-oauth-flow-id%3D87bd%26hashArgs%3D%2523xray%253Atraces%252Fquery%26isauthcode%3Dtrue%26oauthStart%3D1784318701669%26region%3Dus-west-2%26state%3DhashArgsFromTB_us-west-2_06a7283ad23a566b&page=resolve&code_challenge=rjfMjsHSDSkQMFRjoJYJB1SxXZTuOsQhHRe1yfAFuXE&code_challenge_method=SHA-256&backwards_compatible=true&oauth_region=us-west-2:0
